../Core/Src/my_lcd.c:28:19:lcd_i2c_send_nibble	32	static
../Core/Src/my_lcd.c:55:6:lcd16x2_i2c_sendCommand	24	static
../Core/Src/my_lcd.c:82:6:lcd16x2_i2c_sendData	24	static
../Core/Src/my_lcd.c:111:6:lcd16x2_i2c_init	16	static
../Core/Src/my_lcd.c:177:6:lcd16x2_i2c_setCursor	24	static
../Core/Src/my_lcd.c:198:6:lcd16x2_i2c_clear	8	static
../Core/Src/my_lcd.c:203:6:lcd16x2_i2c_1stLine	8	static
../Core/Src/my_lcd.c:214:6:lcd16x2_i2c_printf	24	static
../Core/Src/my_lcd.c:224:6:lcd16x2_i2c_printnum	16	static
