09:25:34 **** Incremental Build of configuration Debug for project HAL_USART2_QUE2 ****
make -j4 all 
arm-none-eabi-gcc "../Core/Src/main.c" -mcpu=cortex-m4 -std=gnu11 -g3 -DDEBUG -DUSE_HAL_DRIVER -DSTM32F407xx -c -I../Core/Inc -I../Drivers/STM32F4xx_HAL_Driver/Inc -I../Drivers/STM32F4xx_HAL_Driver/Inc/Legacy -I../Drivers/CMSIS/Device/ST/STM32F4xx/Include -I../Drivers/CMSIS/Include -O0 -ffunction-sections -fdata-sections -Wall -fstack-usage -fcyclomatic-complexity -MMD -MP -MF"Core/Src/main.d" -MT"Core/Src/main.o" --specs=nano.specs -mfpu=fpv4-sp-d16 -mfloat-abi=hard -mthumb -o "Core/Src/main.o"
../Core/Src/main.c: In function 'main':
../Core/Src/main.c:110:37: warning: passing argument 2 of 'HAL_UART_Receive' from incompatible pointer type [-Wincompatible-pointer-types]
  110 |           HAL_UART_Receive(&huart2, &rx_byte, 1, HAL_MAX_DELAY);
      |                                     ^~~~~~~~
      |                                     |
      |                                     uint16_t * {aka short unsigned int *}
In file included from ../Core/Inc/stm32f4xx_hal_conf.h:411,
                 from ../Drivers/STM32F4xx_HAL_Driver/Inc/stm32f4xx_hal.h:29,
                 from ../Core/Inc/main.h:30,
                 from ../Core/Src/main.c:20:
../Drivers/STM32F4xx_HAL_Driver/Inc/stm32f4xx_hal_uart.h:746:72: note: expected 'uint8_t *' {aka 'unsigned char *'} but argument is of type 'uint16_t *' {aka 'short unsigned int *'}
  746 | HAL_StatusTypeDef HAL_UART_Receive(UART_HandleTypeDef *huart, uint8_t *pData, uint16_t Size, uint32_t Timeout);
      |                                                               ~~~~~~~~~^~~~~
../Core/Src/main.c:112:38: warning: passing argument 2 of 'HAL_UART_Transmit' from incompatible pointer type [-Wincompatible-pointer-types]
  112 |           HAL_UART_Transmit(&huart2, &rx_byte, 1, HAL_MAX_DELAY);
      |                                      ^~~~~~~~
      |                                      |
      |                                      uint16_t * {aka short unsigned int *}
../Drivers/STM32F4xx_HAL_Driver/Inc/stm32f4xx_hal_uart.h:745:79: note: expected 'const uint8_t *' {aka 'const unsigned char *'} but argument is of type 'uint16_t *' {aka 'short unsigned int *'}
  745 | HAL_StatusTypeDef HAL_UART_Transmit(UART_HandleTypeDef *huart, const uint8_t *pData, uint16_t Size, uint32_t Timeout);
      |                                                                ~~~~~~~~~~~~~~~^~~~~
arm-none-eabi-gcc -o "HAL_USART2_QUE2.elf" @"objects.list"   -mcpu=cortex-m4 -T"C:\Users\DELL\Desktop\Sunbeam data\ARM_94199_Sudha\Assignment7\HAL_USART2_QUE2\STM32F407VGTX_FLASH.ld" --specs=nosys.specs -Wl,-Map="HAL_USART2_QUE2.map" -Wl,--gc-sections -static --specs=nano.specs -mfpu=fpv4-sp-d16 -mfloat-abi=hard -mthumb -Wl,--start-group -lc -lm -Wl,--end-group
Finished building target: HAL_USART2_QUE2.elf
 
arm-none-eabi-size  HAL_USART2_QUE2.elf 
arm-none-eabi-objdump -h -S HAL_USART2_QUE2.elf  > "HAL_USART2_QUE2.list"
   text	   data	    bss	    dec	    hex	filename
   9608	     12	   1748	  11368	   2c68	HAL_USART2_QUE2.elf
Finished building: default.size.stdout
 
Finished building: HAL_USART2_QUE2.list
 
