10:24:50 **** Incremental Build of configuration Debug for project LCD_QUE4 ****
make -j4 all 
arm-none-eabi-gcc "../Core/Src/main.c" -mcpu=cortex-m4 -std=gnu11 -g3 -DDEBUG -DUSE_HAL_DRIVER -DSTM32F407xx -c -I../Core/Inc -I../Drivers/STM32F4xx_HAL_Driver/Inc -I../Drivers/STM32F4xx_HAL_Driver/Inc/Legacy -I../Drivers/CMSIS/Device/ST/STM32F4xx/Include -I../Drivers/CMSIS/Include -O0 -ffunction-sections -fdata-sections -Wall -fstack-usage -fcyclomatic-complexity -MMD -MP -MF"Core/Src/main.d" -MT"Core/Src/main.o" --specs=nano.specs -mfpu=fpv4-sp-d16 -mfloat-abi=hard -mthumb -o "Core/Src/main.o"
arm-none-eabi-gcc -o "LCD_QUE4.elf" @"objects.list"   -mcpu=cortex-m4 -T"C:\Users\DELL\Desktop\Sunbeam data\ARM_94199_Sudha\Assignment9\LCD_QUE4\STM32F407VGTX_FLASH.ld" --specs=nosys.specs -Wl,-Map="LCD_QUE4.map" -Wl,--gc-sections -static --specs=nano.specs -mfpu=fpv4-sp-d16 -mfloat-abi=hard -mthumb -Wl,--start-group -lc -lm -Wl,--end-group
Finished building target: LCD_QUE4.elf
 
arm-none-eabi-size  LCD_QUE4.elf 
arm-none-eabi-objdump -h -S LCD_QUE4.elf  > "LCD_QUE4.list"
   text	   data	    bss	    dec	    hex	filename
   9956	     12	   1660	  11628	   2d6c	LCD_QUE4.elf
Finished building: default.size.stdout
 
Finished building: LCD_QUE4.list
 
10:24:54 **** Incremental Build of configuration Debug for project LCD_QUE4 ****
make -j4 all 
arm-none-eabi-size  LCD_QUE4.elf 
   text	   data	    bss	    dec	    hex	filename
   9956	     12	   1660	  11628	   2d6c	LCD_QUE4.elf
Finished building: default.size.stdout
 
